[    0000000] Linu version 4.15.0-42-generic builddlg01-ad6-023 (gcc versin .3.0(Uuntu .3.0-16bunt3) #45-Uunu SM Tu Nov 5 193257 C 2018 Ubntu 4.5.-4.4-genec 4.15.18
[   0.0000] ommand lie: BOOT_IMAGE=/boot/vmlinuz-4.15-42-genericroot=LAB=clodig-rootfs ro console=tty1 console=ttyS0
[    0.000000] KERNEL supported cpus:
[    0.000000]   Intel GenuineIntel
[    0.000000]   AMD AuthenticAMD
[    0.000000]   Centaur CentaurHauls
[    0.000000] x86/fpu: Supporting XSAVE feature 0x001: 'x87 floaing oit registes'
[  0.000000 x6/fpu: Spprting XSAVEfeature x00: SSE regiser'
[  0.000000]x8/fpu Spporin XSAVE feaure x004: 'AX regters
    000000] x86/fpu:xstateofset[2]:  76, stte_sizs[]:  56
[    0.0000] x86fp: naled xtate atures x7, contxt size is 832byte, sing 'stadard frmat.
[    0.000000] e80: BIOS-provided physical RAmap:
[   .00000]BIOSe80:[mem 0x0000000000000000-0x000000000009fbff] usable
[    0.000000] BIOS-e820: [mem 0x00000000009fc0-x00000000ffff rserved
[   000000]BIS-e820: [em 0x0000000000f00-0x0000000000fffff] reerved
[    0.0000] BIOS-e82: [mem 0x0000000000100000-0x000000003ffeffff] sale
[    .00000 BIO-e80: [m 0x00000003ff0000-x00000003fffff] ACPI data
[    0.000000] BIOSe820 [mem 0x0000000fec00000-0x000000fec00ff] reserved
[   0000000] BIOS-e820: [me 00000000ee000000x000000fe00ff] rserved
[    0.000000] BIOS-e820: [mem 0x00000000fffc0000-0x00000000ffffffff] reserved
[   0.000000] NX (Execute Dsale) ptectin:active
[   0.0000] SBIS 2.5 preent.
[    0.00000] DMI:inotk mbH VitulBox/irualBo, IOS VirtlBox 121/200
[    0.000000 Hypervior deeced: KVM
[    0.000000]e820: lt_pfn = x3fff0 ax_arc_pn = 0x4000000
[  0.0000] MRR Dsaled
[    000000 x86/PAT:MTRRs disabled, skipping PAT initialization too.
[    0.000000] CPU MTRRs all blank -virtlized stem.
[   0.00000]x86/AT Confiurtion [0-]: WB  WT UC- UC WB  WT UC- UC  
[    0.000000] found SMP MP-table at [mem 0x0009fff0-0x009fff] mappedat [      (prvl)]
[    .000000] caning areasor lomemor coruptio
    0.0000] AMISK: [mm x35ae00-0x6d8fff
    0.000000]ACPI: Erl table checksum verifcaio disbld
[   0.0000] CPI: SD 0x000000000E000 00024(v2 VBX )
[  0.0000] API:XSDT 0x000000FF0030 0003C (v01VBX   VBXXDT 0000001 SL  0000061)
[   0.0000] API FACP 0x000000003FF0F0 00004 v04 VX   VBOFACP 00000001 ASL  00000061)
[    0.000000] ACPI: DSDT 0x00000003FFF00 001F (v02 BOX   VBOXBIOS00000002 INTL 010052)
[  0.0000] AI: FAS 0x000000003FFF0200 000040
[    0.000000] ACPI: FACS 0x000000003FFF0200 00004
[   .000000] CP: APIC 0x00000003F0240 00005C (v02 VBOX   VBOXAIC00000001 ASL  00000061)
[    0.000000ACPI: SS 0x0000003FFF02A0 0001CC (v01 VBOX   VBOXCPUT 00000002 INTL 20100528)
[    0.000000] No NUMA configuration found
[    0.000000] Faking a node at [mem 0x0000000000000000-0x000000003ffeffff]
[    0.000000] NODE_DATA(0) allocated [mem 0x3ffc5000-0x3ffeffff]
[    0.000000] kvm-clock: cpu  msr 3ff44001, primry cpuclck[   0.000] kv-cock: Uin mss b564d01 nd 4b564d00
[    0.000000] kvm-clock: usig sched offset of 4564306169 cycles
[    0.000000]clocksource: kvm-clock: mask: 0xfffffffffffffff max_cycles: 0x1cd42e4dffb, max_idle_ns: 881590591483 ns
[    0.000000] Zone ranges:
[    0.000000]   DMA      [mem 0x0000000000001000-0x000000000ffffff]
[    0000000]  DMA32    [mem 0x000000000100000-0x00000003feffff]
[    0.000000]   Normal   empty
[    0.000000]   Devic   empt
[    0.00000] Movable zon sar for each node
[   0.000000]Earl mmory od ranges
[   0000000]   node   0 [mem 0x000000001000-0x000000000009efff]
[    0.000000]   node   0: [mem0x000000001000-0x00000003ffeffff]
[    0.000000] Intmm seupnode 0mem 0x0000000010-0x000000003fefff]
[    0.000000] Reserved but unavailable: 98 pages
[    0.000000] ACPI: PM-Timer IO Port: 0x4008
[    0.000000] IOAPIC[0]: apic_id 2, version 32, address 0xfec00000, GSI 0-23
[    0.000000] ACPI: INT_RCOVR(bs 0 bus_i 0 globl_rq 2 l dfl)
[    0.000000] ACPI: INT_C_OVR (bs 0 bus_rq9 glal_irq  lo level
    0.0000 Uing API(MADT)fo SMP cnfguratn inoratio
[   .00000] smpboo: llowin 2CPs,0 hoplug CPUs
[    0.00000]PM: Resterd osav mmoy:[mem 0x000000-0x000fff
[    0.000000] PM: Registered nosave memory: [mem 0x0009f000-0x0009ffff]
[    0.00000] P Regstred nosae emory: me 0x00a000-0x00efff]
[    .00000] M:Registered nosae meor: mem 0x000000-0x00fff
[    000000]e80:[mm 0x0000000xebffff availbl forPC devce
[   000000 Booting parvirtalzed erel o KM[    0.00000] cloksource rfined-jffes:mak: 0ffffffmax_ccls: 0xffffff, max_idle_ns: 7645519600211568 ns
[   .00000 rndo: et_randombytes called frm tat_erel0x99/0x4d ith crngint=0
   0.0000] setup_percpu: NR_CPUS:8192 nr_cpumask_bits:2 nr_cu_is:2 n_nde_is:
[   .00000 pecp: Embddd 46 ges/cp @       ptrval s51552r812 d267 u10856
[    0.00000] P qpinlckhash tbl entries 256 (order: 0,4096 btes)
[    0.000000]Bult 1 onlists, oblitygrupin o.  Tta page: 5791
    0.0000 Plicy zone DA3
[   0.00000] ernel mmandine: BOO_IAGE=bot/vmlnu-4.5.0-42-generic rot=LABEL=coudimgrotfs o onsole=tty1consol=tyS0
[    0000000] Meory:98616K/104820 aaiabe 12300Kkenelcod, 247K wdata, 4252K rodata, 2408K init, 2416K bss, 64504K reserved, 0K cma-reserved)
[    0.000000] SLUB: HWalign=64, Order=0-3, MinObjects=0, CPUs=2, Nodes=1
[    0.000000] Kernel/User page tables isolation: enable
    00000] trace: alocain 3916 entries in 154 pages
[   .00400 Herrchica RU implementation.
[   0.0400] 	RCU restictin CUs  frm R_PU=819 t n_cu_id=2
[   .00400 	Tasks RCU enabled
[    0.04000] RCU: Adjusting geomety for cu_fanout_leaf=16, nr_cpu_ids=2
[    0.004000] NR_IRQS: 524544, nr_irqs: 440, preallocate irq: 6
   0.0400] Cnsle: colour VGA+ 80x25
[    0.004000] console [tty1] enabled
[    0.004000] console [ttyS0] enabled
[    0.004000] ACPI: Core revision 20170831
[    0.004000] ACPI: 2 ACPI MLtablesuccesfuly acqird an lade
[    0.004032] APIC: Switch to symmetric I/O mode setup
[    0.008313] x2apic enabled
[    0.012005] Switched APIC routing to physical x2apic.
[    0.015032] ..TIMER: vector=0x30 apic1=0 pin1=2 apic2=-1 pin2=-1
[    0.016005] tsc: Detected 1900.000 MHz processor
[    0.020014] Calibrating delay loop (skipped) preset value.. 3800.00 BogoMIPS (lpj=7600000)
[    0.024010] pid_max: default: 32768 minimum: 301
[    0.028053] Security Framework initialized
[    0.032054] Yama: becoming mindful.
[    0.036049] AppArmor: AppArmor initialized
[    0.041997] Dentry cache hash table entries: 131072 (order: 8, 1048576 bytes)
[    0.044167] Inode-cache hash table entries: 65536 (order: 7, 524288 bytes)
[    0.048033] Mount-cache hash table entries: 2048 (order: 2, 16384 bytes)
[    0.052019] Mountpoint-cache hash table entries: 2048 (order: 2, 16384 bytes)
[    0.056298] mce: CPU supports 0 MCE banks
[    0.060022] Last level iTLB entries: 4KB 1024, 2MB 1024, 4MB 1024
[    0.064005] Last level dTLB entries: 4KB 1024, 2MB 1024, 4MB 1024, 1GB 4
[    0.068005] Spectre V2 : Mitigation: Full generic retpoline
[    0.072008] Spectre V2 : Spectre v2 / SpectreRSB mitigation: Filling RSB on context switch
[    0.076010] Speculative Store Bypass: Vulnerable
[    0.080144] Freeing SMP alternatives memory: 36K
[    0.092000] smpboot: CPU0: Intel(R) Core(TM) i5-4250U CPU @ 1.30GHz (family: 0x6, model: 0x45, stepping: 0x1)
[    0.092104] Performance Events: unsupported p6 CPU model 69 no PMU driver, software events only.
[    0.096083] Hierarchical SRCU implementation.
[    0.100687] NMI watchdog: Perf event create on CPU 0 failed with -2
[    0.104008] NMI watchdog: Perf NMI watchdog permanently disabled
[    0.108086] smp: Bringing up secondary CPUs ...
[    0.112098] x86: Booting SMP configuration:
[    0.116008] .... node  #0, CPUs:      #1
[    0.004000] kvm-clock: cpu 1, msr 0:3ff44041, secondary cpu clock
[    0.004000] mce: CPU supports 0 MCE banks
[    0.216074] smp: Brought up 1 node, 2 CPUs
[    0.220013] smpboot: Max logical packages: 1
[    0.224008] smpboot: Total of 2 processors activated (7600.00 BogoMIPS)
[    0.228196] devtmpfs: initialized
[    0.232072] x86/mm: Memory block size: 128MB
[    0.236170] evm: security.selinux
[    0.240016] evm: security.SMACK64
[    0.244009] evm: security.SMACK64EXEC
[    0.248008] evm: security.SMACK64TRANSMUTE
[    0.249774] evm: security.SMACK64MMAP
[    0.252009] evm: security.apparmor
[    0.256005] evm: security.ima
[    0.260006] evm: security.capability
[    0.264391] clocksource: jiffies: mask: 0xffffffff max_cycles: 0xffffffff, max_idle_ns: 7645041785100000 ns
[    0.268020] futex hash table entries: 512 (order: 3, 32768 bytes)
[    0.272106] pinctrl core: initialized pinctrl subsystem
[    0.278082] RTC time:  2:38:49, date: 12/09/18
[    0.280297] NET: Registered protocol family 16
[    0.284090] audit: initializing netlink subsys (disabled)
[    0.288056] audit: type=2000 audit(1544323108.002:1): state=initialized audit_enabled=0 res=1
[    0.392011] cpuidle: using governor ladder
[    0.396013] cpuidle: using governor menu
[    0.400060] ACPI: bus type PCI registered
[    0.404005] acpiphp: ACPI Hot Plug PCI Controller Driver version: 0.5
[    0.408159] PCI: Using configuration type 1 for base access
[    0.416076] HugeTLB registered 2.00 MiB page size, pre-allocated 0 pages
[    0.420193] ACPI: Added _OSI(Module Device)
[    0.424023] ACPI: Added _OSI(Processor Device)
[    0.428014] ACPI: Added _OSI(3.0 _SCP Extensions)
[    0.432005] ACPI: Added _OSI(Processor Aggregator Device)
[    0.436005] ACPI: Added _OSI(Linux-Dell-Video)
[    0.440005] ACPI: Added _OSI(Linux-Lenovo-NV-HDMI-Audio)
[    0.444461] ACPI: Executed 1 blocks of module-level executable AML code
[    0.453111] ACPI: Interpreter enabled
[    0.456018] ACPI: (supports S0 S5)
[    0.460005] ACPI: Using IOAPIC for interrupt routing
[    0.464284] PCI: Using host bridge windows from ACPI; if necessary, use "pci=nocrs" and report a bug
[    0.468323] ACPI: Enabled 2 GPEs in block 00 to 07
[    0.483162] ACPI: PCI Root Bridge [PCI0] (domain 0000 [bus 00-ff])
[    0.484028] acpi PNP0A03:00: _OSC: OS supports [ASPM ClockPM Segments MSI]
[    0.488114] acpi PNP0A03:00: _OSC: not requesting OS control; OS requires [ExtendedConfig ASPM ClockPM MSI]
[    0.492031] acpi PNP0A03:00: fail to add MMCONFIG information, can't access extended PCI configuration space under this bridge.
[    0.496594] PCI host bridge to bus 0000:00
[    0.500012] pci_bus 0000:00: root bus resource [io  0x0000-0x0cf7 window]
[    0.504007] pci_bus 0000:00: root bus resource [io  0x0d00-0xffff window]
[    0.508008] pci_bus 0000:00: root bus resource [mem 0x000a0000-0x000bffff window]
[    0.512006] pci_bus 0000:00: root bus resource [mem 0x40000000-0xfdffffff window]
[    0.516011] pci_bus 0000:00: root bus resource [bus 00-ff]
[    0.524759] pci 0000:00:01.1: legacy IDE quirk: reg 0x10: [io  0x01f0-0x01f7]
[    0.528006] pci 0000:00:01.1: legacy IDE quirk: reg 0x14: [io  0x03f6]
[    0.532005] pci 0000:00:01.1: legacy IDE quirk: reg 0x18: [io  0x0170-0x0177]
[    0.536005] pci 0000:00:01.1: legacy IDE quirk: reg 0x1c: [io  0x0376]
[    0.574000] pci 0000:00:07.0: quirk: [io  0x4000-0x403f] claimed by PIIX4 ACPI
[    0.576028] pci 0000:00:07.0: quirk: [io  0x4100-0x410f] claimed by PIIX4 SMB
[    0.600010] ACPI: PCI Interrupt Link [LNKA] (IRQs 5 9 10 *11)
[    0.604449] ACPI: PCI Interrupt Link [LNKB] (IRQs 5 9 *10 11)
[    0.608245] ACPI: PCI Interrupt Link [LNKC] (IRQs 5 *9 10 11)
[    0.612188] ACPI: PCI Interrupt Link [LNKD] (IRQs 5 9 10 *11)
[    0.616586] SCSI subsystem initialized
[    0.620098] pci 0000:00:02.0: vgaarb: setting as boot VGA device
[    0.624000] pci 0000:00:02.0: vgaarb: VGA device added: decodes=io+mem,owns=io+mem,locks=none
[    0.624008] pci 0000:00:02.0: vgaarb: bridge control possible
[    0.628006] vgaarb: loaded
[    0.632070] ACPI: bus type USB registered
[    0.636078] usbcore: registered new interface driver usbfs
[    0.640048] usbcore: registered new interface driver hub
[    0.644096] usbcore: registered new device driver usb
[    0.648124] EDAC MC: Ver: 3.0.0
[    0.652961] PCI: Using ACPI for IRQ routing
[    0.660998] NetLabel: Initializing
[    0.664008] NetLabel:  domain hash size = 128
[    0.668004] NetLabel:  protocols = UNLABELED CIPSOv4 CALIPSO
[    0.672036] NetLabel:  unlabeled traffic allowed by default
[    0.676138] clocksource: Switched to clocksource kvm-clock
[    0.74056VF Dskuos qut_6.60

[    .078490] VFSDqotac hsh table entries: 512 (rdr  46 te)
[   .586213]Aprm: ppmoFiesstm abed

[    2.288]pn: P PIin
  2.7404] pnp PP CP fod  devices

[   .828] losoce ai_: as 0ffffaxyces 0ffffff, x_lens 25702ns
[    3.921149]NET: Reisreprtol family 2
[    2240 TP stlihehah abe entries: 8192 (order: 4, 65536 bytes)
[    4.613687] TCP bd shtalentes 892orer 5 131072 bytes)
[    5.048486] TCP: Hash tables cnfgured (establihed 812 bind 819)
[  59537UD hh table entries: 512 (orde: 2, 1634 bytes)
[    5.613317] UDP-Lite hash table entries: 512 (order: 2, 16384bys)
[  5176]NET Risre ptoolfaly1
[    6.25945 pi 0000000:Litig direct PCI/I anfe
   67788] i 00:00:01.0: Activating ISA DMA hang workarouds[  708030 pi 00::00: Video dvie th shadowed OMt emx0c000x00dff

[   8.311] npking initrmf..
[    8.768546] Freeing initrd memory: 18968K
[    8.853139] platform rtc_cmos: registered platform RTC device (no PNP device found)
[    9.021012] Scanning for low memory corruption every 60 seconds
[    9.150073] Initialise system trusted keyrings
[    9.216943] Key type blacklist registered
[    9.266275] workingset: timestamp_bits=36 max_order=18 bucket_order=0
[    9.365622] zbud: loaded
[    9.410514] squashfs: version 4.0 (2009/01/31) Phillip Lougher
[    9.485222] fuse init (API version 7.26)
[    9.548671] Key type asymmetric registered
[    9.605706] Asymmetric key parser 'x509' registered
[    9.665689] Block layer SCSI generic (bsg) driver version 0.4 loaded (major 246)
[    9.705059] io scheduler noop registered
[    9.730298] io scheduler deadline registered
[    9.780862] io scheduler cfq registered (default)
[    9.857221] ACPI: AC Adapter [AC] (off-line)
[    9.917888]ts Rin T cckur cliraon19.3 MHz

[   9.06] pu Pwe Button as/dic/LXSTM0/XPBN0/iutnp0
[    9.920673] ACPI: Power Button [PWRF]
[    9.920788] input: Sleep Button as /devices/LNXSYSTM:00/LNXSLPBN:00/input/input1
[    9.920796] ACPI: Sleep Button [SLPF]
[    9.922666] ACPI: Battery Slot [BAT0] (battery present)
[    9.922797] Serial: 8250/16550 driver, 32 ports, IRQ sharing enabled
[   10.636234] 00:02: ttyS0 at I/O 0x3f8 (irq = 4, base_baud = 115200) is a 16550A
[   11.560491] Linux agpgart interface v0.103
[   12.034382] clocksource: tsc: mask: 0xffffffffffffffff max_cycles: 0x36c91ab34d3, max_idle_ns: 881590679195 ns
[   12.181334] loop: module loaded
[   12.198959] scsi host0: ata_piix
[   12.216310] scsi host1: ata_piix
[   12.246892] ata1: PATA max UDMA/33 cmd 0x1f0 ctl 0x3f6 bmdma 0xd000 irq 14
[   12.288359] ata2: PATA max UDMA/33 cmd 0x170 ctl 0x376 bmdma 0xd008 irq 15
[   12.321744] libphy: Fixed MDIO Bus: probed
[   12.335957] tun: Universal TUN/TAP device driver, 1.6
[   12.386088] PPP generic driver version 2.4.2
[   12.478128] ehci_hcd: USB 2.0 'Enhanced' Host Controller (EHCI) Driver
[   12.687115] ehci-pci: EHCI PCI platform driver
[   12.753784] ehci-platform: EHCI generic platform driver
[   12.989666] ohci_hcd: USB 1.1 'Open' Host Controller (OHCI) Driver
[   13.204541] ohci-pci: OHCI PCI platform driver
[   13.210540] ohci-platform: OHCI generic platform driver
[   13.252422] uhci_hcd: USB Universal Host Controller Interface driver
[   13.283422] i8042: PNP: PS/2 Controller [PNP0303:PS2K,PNP0f03:PS2M] at 0x60,0x64 irq 1,12
[   13.319263] serio: i8042 KBD port at 0x60,0x64 irq 1
[   13.345060] serio: i8042 AUX port at 0x60,0x64 irq 12
[   13.447195] mousedev: PS/2 mouse device common for all mice
[   13.567015] input: AT Translated Set 2 keyboard as /devices/platform/i8042/serio0/input/input2
[   13.6882]tcmortcm: c rerestedtc_osasrt0
[   14.5773] rc_ostcmo armuptoneay114bys ra

[   15.274119] ic deenri dver
[  15887pc_m_a: D() I-MP Cmuniatn iver Vesi: 0
[  147985 dicmape uen vsi 1.3
[   17.160615] device-mapper: ioctl: 4.37.0-ioctl (2017-09-20) initialised: dm-devel@redhat.com
[   17.276564] ledtrig-cpu: registered to indicate activity on CPUs
[   17.375126] NET: Registered protocol family 10
[   17.434449] Segment Routing with IPv6
[   17.487589] NET: Registered protocol family 17
[   17.544984] Key type dns_resolver registered
[   17.589275] RAS: Correctable Errors collector initialized.
[   17.652927] sched_clock: Marking stable (17652901905, 0)->(47493791545, -29840889640)
[   17.757076] registered taskstats version 1
[   17.806233] Loading compiled-in X.509 certificates
[   17.829104] Loaded X.509 cert 'Build time autogenerated kernel key: 1663f0131deec003b89e364b3e1eacfdeb38eccf'
[   17.843960] zswap: loaded using pool lzo/zbud
[   17.875847] Key type big_key registered
[   17.891615] Key type trusted registered
[   17.912622] Key type encrypted registered
[   17.925107] AppArmor: AppArmor sha1 policy hashing enabled
[   17.967554] ima: No TPM chip found, activating TPM-bypass! (rc=-19)
[   18.053724] ima: Allocated hash algorithm: sha1
[   18.074583] evm: HMAC attrs: 0x1
[   18.077645]   Magic number: 14:502:611
[   18.079591] rtc_cmos rtc_cmos: setting system clock to 2018-12-09 02:39:09 UTC (1544323149)
[   18.162282] BIOS EDD facility v0.16 2004-Jun-25, 0 devices found
[   18.336321] EDD information not available.
[   18.414706] Freeing unused kernel memory: 2408K
[   18.576806] Write protecting the kernel read-only data: 20480k
[   18.763065] Freeing unused kernel memory: 2008K
[   18.917994] Freeing unused kernel memory: 1892K
[   18.993736] x86/mm: Checked W+X mappings: passed, no W+X pages found.
[   19.034824] x86/mm: Checking user space page tables
[   19.073188] x86/mm: Checked W+X mappings: passed, no W+X pages found.
Loading, please wait...
starting version 237
[   19.222588] Fusion MPT base driver 3.04.20
[   19.236912] Copyright (c) 1999-2008 LSI Corporation
[   19.254842] e1000: Intel(R) PRO/1000 Network Driver - version 7.3.21-k8-NAPI
[   19.262804] e1000: Copyright (c) 1999-2006 Intel Corporation.
[   19.279278] AVX2 version of gcm_enc/dec engaged.
[   19.289088] AES CTR mode by8 optimization enabled
[   19.321700] Fusion MPT SPI Host driver 3.04.20
[   19.484322] input: ImExPS/2 Generic Explorer Mouse as /devices/platform/i8042/serio1/input/input4
[   19.802866] e1000 0000:00:03.0 eth0: (PCI:33MHz:32-bit) 02:ec:de:eb:8e:43
[   21.144767] e1000 0000:00:03.0 eth0: Intel(R) PRO/1000 Network Connection
[   21.184895] mptbase: ioc0: Initiating bringup
[   21.607597] ioc0: LSI53C1030 A0: Capabilities={Initiator}
[   23.560226] scsi host2: ioc0: LSI53C1030 A0, FwRev=00000000h, Ports=1, MaxQ=256, IRQ=20
[   25.095229] scsi 2:0:0:0: Direct-Access     VBOX     HARDDISK         1.0  PQ: 0 ANSI: 5
[   25.492134] scsi target2:0:0: Beginning Domain Validation
[   25.497148] scsi target2:0:0: Domain Validation skipping write tests
[   25.499830] scsi target2:0:0: Ending Domain Validation
[   25.516969] scsi target2:0:0: asynchronous
[   25.540230] scsi 2:0:1:0: Direct-Access     VBOX     HARDDISK         1.0  PQ: 0 ANSI: 5
[   25.657608] scsi target2:0:1: Beginning Domain Validation
[   25.673780] e1000 0000:00:08.0 eth1: (PCI:33MHz:32-bit) 08:00:27:3f:b3:61
[   25.673785] e1000 0000:00:08.0 eth1: Intel(R) PRO/1000 Network Connection
[   25.689736] e1000 0000:00:08.0 enp0s8: renamed from eth1
[   25.750253] random: fast init done
[   25.753248] scsi target2:0:1: Domain Validation skipping write tests
[   25.800611] scsi target2:0:1: Ending Domain Validation
[   25.802858] scsi target2:0:1: asynchronous
[   25.808627] random: systemd-udevd: uninitialized urandom read (16 bytes read)
[   25.811922] sd 2:0:0:0: Attached scsi generic sg0 type 0
[   25.812155] sd 2:0:1:0: Attached scsi generic sg1 type 0
[   25.812568] sd 2:0:0:0: [sda] 20971520 512-byte logical blocks: (10.7 GB/10.0 GiB)
[   25.812664] sd 2:0:0:0: [sda] Write Protect is off
[   25.812845] sd 2:0:0:0: [sda] Incomplete mode parameter data
[   25.812846] sd 2:0:0:0: [sda] Assuming drive cache: write through
[   25.821647]  sda: sda1
[   25.822307] random: systemd-udevd: uninitialized urandom read (16 bytes read)
[   25.822333] random: systemd-udevd: uninitialized urandom read (16 bytes read)
[   25.822552] e1000 0000:00:03.0 enp0s3: renamed from eth0
[   25.823546] sd 2:0:0:0: [sda] Attached SCSI disk
[   25.824029] sd 2:0:1:0: [sdb] 20480 512-byte logical blocks: (10.5 MB/10.0 MiB)
[   25.824118] sd 2:0:1:0: [sdb] Write Protect is off
[   25.824275] sd 2:0:1:0: [sdb] Incomplete mode parameter data
[   25.824277] sd 2:0:1:0: [sdb] Assuming drive cache: write through
[   25.827502] sd 2:0:1:0: [sdb] Attached SCSI disk
Begin: Loading essential drivers ... [   28.000201] raid6: sse2x1   gen()  8529 MB/s
[   28.100338] raid6: sse2x1   xor()  5958 MB/s
[   28.200589] raid6: sse2x2   gen() 10131 MB/s
[   28.296109] raid6: sse2x2   xor()  4515 MB/s
[   28.376578] raid6: sse2x4   gen()  4256 MB/s
[   28.480588] raid6: sse2x4   xor()  7456 MB/s
[   28.596127] raid6: avx2x1   gen() 16318 MB/s
[   28.700293] raid6: avx2x1   xor() 11350 MB/s
[   28.816144] raid6: avx2x2   gen() 18754 MB/s
[   28.916033] raid6: avx2x2   xor() 11639 MB/s
[   29.020611] raid6: avx2x4   gen() 21944 MB/s
[   29.120586] raid6: avx2x4   xor() 14567 MB/s
[   29.177043] raid6: using algorithm avx2x4 gen() 21944 MB/s
[   29.252526] raid6: .... xor() 14567 MB/s, rmw enabled
[   29.254378] raid6: using avx2x2 recovery algorithm
[   29.294867] xor: automatically using best checksumming function   avx       
[   29.359375] async_tx: api initialized (async)
done.
Begin: Running /scripts/init-premount ... done.
Begin: Mounting root file system ... Begin: Running /scripts/local-top ... done.
Begin: Running /scripts/local-premount ... [   29.509605] Btrfs loaded, crc32c=crc32c-intel
Scanning for Btrfs filesystems
done.
Warning: fsck no[   29.618264] EXT4-fs (sda1): mounted filesystem with ordered data mode. Opts: (null)
t present, so skipping root file system
done.
Begin: Running /scripts/local-bottom ... done.
Begin: Running /scripts/init-bottom ... done.
[   29.995184] ip_tables: (C) 2000-2006 Netfilter Core Team
[   30.200152] systemd[1]: systemd 237 running in system mode. (+PAM +AUDIT +SELINUX +IMA +APPARMOR +SMACK +SYSVINIT +UTMP +LIBCRYPTSETUP +GCRYPT +GNUTLS +ACL +XZ +LZ4 +SECCOMP +BLKID +ELFUTILS +KMOD -IDN2 +IDN -PCRE2 default-hierarchy=hybrid)
[   30.406245] systemd[1]: Detected virtualization oracle.
[   30.469606] systemd[1]: Detected architecture x86-64.

Welcome to [1mUbuntu 18.04.1 LTS[0m!

[   30.637149] systemd[1]: Set hostname to <ubuntu-bionic>.
[   31.170105] systemd[1]: Reached target System Time Synchronized.
[[0;32m  OK  [0m] Reached target System Time Synchronized.
[   31.317490] systemd[1]: Reached target User and Group Name Lookups.
[[0;32m  OK  [0m] Reached target User and Group Name Lookups.
[   31.586910] systemd[1]: Created slice System Slice.
[[0;32m  OK  [0m] Created slice System Slice.
[   31.740844] systemd[1]: Listening on Journal Audit Socket.
[[0;32m  OK  [0m] Listening on Journal Audit Socket.
[   31.784520] systemd[1]: Listening on Network Service Netlink Socket.
[[0;32m  OK  [0m] Listening on Network Service Netlink Socket.
[   31.840736] systemd[1]: Listening on udev Kernel Socket.
[[0;32m  OK  [0m] Listening on udev Kernel Socket.
[[0;32m  OK  [0m] Listening on udev Control Socket.
[[0;32m  OK  [0m] Listening on Journal Socket (/dev/log).
[[0;32m  OK  [0m] Started Forward Password Requests to Wall Directory Watch.
[[0;32m  OK  [0m] Set up automount Arbitrary Executabâ€¦rmats File System Automount Point.
[[0;32m  OK  [0m] Reached target Swap.
[[0;32m  OK  [0m] Listening on Journal Socket.
         Mounting Huge Pages File System...
         Starting Remount[   32.190385] EXT4-fs (sda1): re-mounted. Opts: (null)
 Root and Kernel File Systems...
         Starting Load Kernel Modules...
[   32.327850] Loading iSCSI transport class v2.0-870.
         Starting udev Co[   32.416811] iscsi: registered transport (tcp)
ldplug all Devices...
         Starting Set the console keyboard layout...
[[0;32m  OK  [0m] Listening on /dev/initctl Compatibility Named Pipe.
         Starting Uncompl[   32.521778] iscsi: registered transport (iser)
icated firewall...
         Mounting POSIX Message Queue File System...
[[0;32m  OK  [0m] Created slice User and Session Slice.
[[0;32m  OK  [0m] Reached target Slices.
[[0;32m  OK  [0m] Listening on LVM2 metadata daemon socket.
[[0;32m  OK  [0m] Listening on Device-mapper event daemon FIFOs.
         Starting Monitoring of LVM2 mirrorsâ€¦ng dmeventd or progress polling...
[[0;32m  OK  [0m] Created slice system-serial\x2dgetty.slice.
[[0;32m  OK  [0m] Listening on Syslog Socket.
         Starting Journal[   33.087394] random: crng init done
 Service...
[   33.127836] random: 7 urandom warning(s) missed due to ratelimiting
[[0;32m  OK  [0m] Listening on LVM2 poll daemon socket.
         Mounting Kernel Debug File System...
         Starting Create list of required stâ€¦ce nodes for the current kernel...
[[0;32m  OK  [0m] Started Journal Service.
[[0;32m  OK  [0m] Mounted Huge Pages File System.
[[0;32m  OK  [0m] Started Remount Root and Kernel File Systems.
[[0;32m  OK  [0m] Started Load Kernel Modules.
[[0;32m  OK  [0m] Started Set the console keyboard layout.
[[0;32m  OK  [0m] Started Uncomplicated firewall.
[[0;32m  OK  [0m] Mounted POSIX Message Queue File System.
[[0;32m  OK  [0m] Mounted Kernel Debug File System.
[[0;32m  OK  [0m] Started Create list of required staâ€¦vice nodes for the current kernel.
[[0;32m  OK  [0m] Started udev Coldplug all Devices.
[[0;32m  OK  [0m] Started LVM2 metadata daemon.
         Starting Create Static Device Nodes in /dev...
         Starting Apply Kernel Variables...
         Mounting FUSE Control File System...
         Mounting Kernel Configuration File System...
         Starting Load/Save Random Seed...
         Starting Initial cloud-init job (pre-networking)...
         Starting Flush Journal to Persistent Storage...
[[0;32m  OK  [0m] Started Monitoring of LVM2 mirrors,â€¦sing dmeventd or progress polling.
[[0;32m  OK  [0m] Started Create Static Device Nodes in /dev.
[[0;32m  OK  [0m] Started Apply Kernel Variables.
[[0;32m  OK  [0m] Mounted FUSE Control File System.
[[0;32m  OK  [0m] Mounted Kernel Configuration File System.
[[0;32m  OK  [0m] Started Load/Save Random Seed.
         Starting udev Kernel Device Manager...
[[0;32m  OK  [0m] Reached target Local File Systems (Pre).
[[0;32m  OK  [0m] Reached target Local File Systems.
         Starting AppArmor initialization...
         Starting Tell Plymouth To Write Out Runtime Data...
         Starting Set console font and keymap...
         Starting ebtables ruleset management...
[[0;32m  OK  [0m] Started udev Kernel Device Manager.
[[0;32m  OK  [0m] Started Tell Plymouth To Write Out Runtime Data.
[[0;32m  OK  [0m] Started Set console font and keymap.
[[0;32m  OK  [0m] Started Dispatch Password Requests to Console Directory Watch.
[[0;32m  OK  [0m] Reached target Local Encrypted Volumes.
[[0;32m  OK  [0m] Started ebtables ruleset management.
[[0;32m  OK  [0m] Started Flush Journal to Persistent Storage.
[[0;32m  OK  [0m] Found device /dev/ttyS0.
         Starting Create Volatile Files and Directories...
[[0;32m  OK  [0m] Started Create Volatile Files and Directories.
[[0;32m  OK  [0m] Listening on Load/Save RF Kill Switch Status /dev/rfkill Watch.
         Starting Update UTMP about System Boot/Shutdown...
[[0;32m  OK  [0m] Started Update UTMP about System Boot/Shutdown.
[[0;32m  OK  [0m] Started AppArmor initialization.
[   38.086936] cloud-init[414]: Cloud-init v. 18.4-0ubuntu1~18.04.1 running 'init-local' at Sun, 09 Dec 2018 02:39:29 +0000. Up 37.76 seconds.
[[0;32m  OK  [0m] Started Initial cloud-init job (pre-networking).
[[0;32m  OK  [0m] Reached target Network (Pre).
         Starting Network Service...
[[0;32m  OK  [0m] Started Network Service.
         Starting Wait for Network to be Configured...
         Starting Network Name Resolution...
[[0;32m  OK  [0m] Started Network Name Resolution.
[[0;32m  OK  [0m] Reached target Network.
[[0;32m  OK  [0m] Reached target Host and Network Name Lookups.
[[0;32m  OK  [0m] Started Wait for Network to be Configured.
         Starting Initial cloud-init job (metadata service crawler)...
[   41.008803] cloud-init[658]: Cloud-init v. 18.4-0ubuntu1~18.04.1 running 'init' at Sun, 09 Dec 2018 02:39:32 +0000. Up 40.79 seconds.
[   41.088820] cloud-init[658]: ci-info: ++++++++++++++++++++++++++++++++++++++Net device info+++++++++++++++++++++++++++++++++++++++
[   41.147907] cloud-init[658]: ci-info: +--------+------+-----------------------------+---------------+--------+-------------------+
[   41.212517] cloud-init[658]: ci-info: | Device |  Up  |           Address           |      Mask     | Scope  |     Hw-Address    |
[   41.316961] cloud-init[658]: ci-info: +--------+------+-----------------------------+---------------+--------+-------------------+
[   41.388829] cloud-init[658]: ci-info: | enp0s3 | True |          10.0.2.15          | 255.255.255.0 | global | 02:ec:de:eb:8e:43 |
[[0;32m  OK  [0m] Started Initial cloud-init job (metadata service crawler).
[[0;32m  OK  [0m] Reached target System Initialization.
[[0;32m  OK  [0m] Started Daily Cleanup of Temporary Directories.
[   41.427952] cloud-init[658]: ci-info: | enp0s3 | True |  fe80::ec:deff:feeb:8e43/64 |       .       |  link  | 02:ec:de:eb:8e:43 |
         Starting LXD - unix socket.
[   41.771298] cloud-init[658]: ci-info: | enp0s8 | True |        192.168.33.10        | 255.255.255.0 | global | 08:00:27:3f:b3:61 |
         Starting Socket activation for snappy daemon.
[   41.928597] cloud-init[658]: ci-info: | enp0s8 | True | fe80::a00:27ff:fe3f:b361/64 |       .       |  link  | 08:00:27:3f:b3:61 |
[[0;32m  OK  [0m] Started ACPI Events Check.
[   42.073566] [[0;32m  OK  [0m] Listening on UUID daemon activation socket.
[[0;32m  OK  [0m] Reached target Paths.
cloud-init[658]: ci-info: |   lo   | True |          127.0.0.1          |   255.0.0.0   |  host  |         .         |
[   42.329168] cloud-init[658]: ci-info: |   lo   | True |           ::1/128           |       .       |  host  |         .         |
[[0;32m  OK  [0m] Started Discard unused blocks once a week.
[[0;32m  OK  [0m] Listening on Open-iSCSI iscsid Socket.
[[0;32m  OK  [0m] Started Message of the Day.
[[0;32m  OK  [0m] Listening on D-Bus System Message Bus Socket.
[[0;32m  OK  [0m] Listening on ACPID Listen Socket.
[   42.361157] cloud-init[658]: ci-info: +--------+------+-----------------------------+---------------+--------+-------------------+
[   42.664693] cloud-init[658]: ci-info: +++++++++++++++++++++++++++++Route IPv4 info+++++++++++++++++++++++++++++
[   42.720584] cloud-init[658]: ci-info: +-------+--------------+----------+-----------------+-----------+-------+
[   42.776579] cloud-init[658]: ci-info: | Route | Destination  | Gateway  |     Genmask     | Interface | Flags |
[   42.835708] cloud-init[658]: ci-info: +-------+--------------+----------+-----------------+-----------+-------+
[[0;32m  OK  [0m] Started Daily apt download activities.
[[0;32m  OK  [0m] Started Daily apt upgrade and clean activities.
[[0;32m  OK  [0m] Reached target Timers.
[[   42.852957] cloud-init[658]: ci-info: |   0   |   0.0.0.0    | 10.0.2.2 |     0.0.0.0     |   enp0s3  |   UG  |
[   42.948419] cloud-init[658]: ci-info: |   1   |   10.0.2.0   | 0.0.0.0  |  255.255.255.0  |   enp0s3  |   U   |
[   42.949242] cloud-init[658]: ci-info: |   2   |   10.0.2.2   | 0.0.0.0  | 255.255.255.255 |   enp0s3  |   UH  |
[   42.949396] cloud-init[658]: ci-info: |   3   | 192.168.33.0 | 0.0.0.0  |  255.255.255.0  |   enp0s8  |   U   |
[   42.949555] cloud-init[658]: ci-info: +-------+--------------+----------+-----------------+-----------+-------+
[   42.949848] cloud-init[658]: ci-info: +++++++++++++++++++Route IPv6 info+++++++++++++++++++
[   42.950113] cloud-init[658]: ci-info: +-------+-------------+---------+-----------+-------+
[   42.950243] cloud-init[658]: ci-info: | Route | Destination | Gateway | Interface | Flags |
[   42.950375] cloud-init[658]: ci-info: +-------+-------------+---------+-----------+-------+
[   42.950568] cloud-init[658]: ci-info: |   1   |  fe80::/64  |    ::   |   enp0s8  |   U   |
[   42.950691] cloud-init[658]: ci-info: |   2   |  fe80::/64  |    ::   |   enp0s3  |   U   |
[   42.950830] cloud-init[658]: ci-info: |   4   |    local    |    ::   |   enp0s3  |   U   |
[   42.950966] cloud-init[658]: ci-info: |   5   |    local    |    ::   |   enp0s8  |   U   |
[   42.951274] cloud-init[658]: ci-info: |   6   |   ff00::/8  |    ::   |   enp0s8  |   U   |
[   42.951437] cloud-init[658]: ci-info: |   7   |   ff00::/8  |    ::   |   enp0s3  |   U   |
[   42.951582] cloud-init[658]: ci-info: +-------+-------------+---------+-----------+-------+
[0;32m  OK  [0m] Reached target Network is Online.
         Starting Availability of block devices...
[[0;32m  OK  [0m] Reached target Remote File Systems (Pre).
[[0;32m  OK  [0m] Reached target Remote File Systems.
[[0;32m  OK  [0m] Reached target Cloud-config availability.
[[0;32m  OK  [0m] Listening on LXD - unix socket.
[[0;32m  OK  [0m] Listening on Socket activation for snappy daemon.
[[0;32m  OK  [0m] Started Availability of block devices.
[[0;32m  OK  [0m] Reached target Sockets.
[[0;32m  OK  [0m] Reached target Basic System.
[[0;32m  OK  [0m] Started Deferred execution scheduler.
[[0;32m  OK  [0m] Started irqbalance daemon.
         Starting LXD - container startup/shutdown...
[[0;32m  OK  [0m] Started D-Bus System Message Bus.
         Starting LSB: Record successful boot for GRUB...
         Starting Permit User Sessions...
         Starting System Logging Service...
         Starting LSB: automatic crash report generation...
         Starting Login Service...
         Starting Dispatcher daemon for systemd-networkd...
         Starting Virtualbox guest utils...
         Starting Snappy daemon...
         Starting OpenBSD Secure Shell server...
[[0;32m  OK  [0m] Started FUSE filesystem for LXC.
[[0;32m  OK  [0m] Started Unattended Upgrades Shutdown.
[[0;32m  OK  [0m] Started Regular background program processing daemon.
         Starting Accounts Service...
[[0;32m  OK  [0m] Started System Logging Service.
[[0;32m  OK  [0m] Started LXD - container startup/shutdown.
[[0;32m  OK  [0m] Started Permit User Sessions.
[[0;32m  OK  [0m] Started Snappy daemon.
[[0;32m  OK  [0m] Started Login Service.
         Starting Wait until snapd is fully seeded...
         Starting Terminate Plymouth Boot Screen...
         Starting Hold until boot process finishes up...
[[0;32m  OK  [0m] Started OpenBSD Secure Shell server.
[[0;32m  OK  [0m] Started Terminate Plymouth Boot Screen.
[[0;32m  OK  [0m] Started LSB: Record successful boot for GRUB.
[[0;32m  OK  [0m] Started LSB: automatic crash report generation.
[[0;32m  OK  [0m] Started Wait until snapd is fully seeded.
[[0;32m  OK  [0m] Started Hold until boot process finishes up.
         Starting Authorization Manager...
         Starting Set console scheme...
[[0;32m  OK  [0m] Started Serial Getty on ttyS0.
         Starting Apply the settings specified in cloud-config...
[[0;32m  OK  [0m] Started Dispatcher daemon for systemd-networkd.
[[0;32m  OK  [0m] Started Set console scheme.
[[0;32m  OK  [0m] Started Authorization Manager.
[[0;32m  OK  [0m] Started Accounts Service.
[[0;32m  OK  [0m] Started Virtualbox guest utils.
[[0;32m  OK  [0m] Created slice User Slice of vagrant.
[[0;32m  OK  [0m] Created slice system-getty.slice.
[[0;32m  OK  [0m] Started Getty on tty1.
[[0;32m  OK  [0m] Reached target Login Prompts.
[[0;32m  OK  [0m] Reached target Multi-User System.
[[0;32m  OK  [0m] Reached target Graphical Interface.
         Starting Update UTMP about System Runlevel Changes...
         Starting User Manager for UID 1000...
[[0;32m  OK  [0m] Started Session 1 of user vagrant.
[[0;32m  OK  [0m] Started Update UTMP about System Runlevel Changes.
[[0;32m  OK  [0m] Started User Manager for UID 1000.
[   46.016505] cloud-init[940]: Cloud-init v. 18.4-0ubuntu1~18.04.1 running 'modules:config' at Sun, 09 Dec 2018 02:39:37 +0000. Up 45.81 seconds.
[[0;32m  OK  [0m] Started Apply the settings specified in cloud-config.
         Starting Execute cloud user/final scripts...
[   47.043109] cloud-init[1052]: Cloud-init v. 18.4-0ubuntu1~18.04.1 running 'modules:final' at Sun, 09 Dec 2018 02:39:38 +0000. Up 46.85 seconds.
[   47.140559] cloud-init[1052]: Cloud-init v. 18.4-0ubuntu1~18.04.1 finished at Sun, 09 Dec 2018 02:39:38 +0000. Datasource DataSourceNoCloud [seed=/dev/sdb][dsmode=net].  Up 47.03 seconds
[[0;32m  OK  [0m] Started Execute cloud user/final scripts.
[[0;32m  OK  [0m] Reached target Cloud-init target.

Ubuntu 18.04.1 LTS ubuntu-bionic ttyS0

ubuntu-bionic login: 